src/components/form-demo.tsx(71,13): error TS2769: No overload matches this call.
  Overload 1 of 2, '(params?: string | { error?: string | $ZodErrorMap<$ZodIssueInvalidType<unknown>> | undefined; message?: string | undefined; } | undefined): ZodString', gave the following error.
    Object literal may only specify known properties, and 'required_error' does not exist in type '{ error?: string | $ZodErrorMap<$ZodIssueInvalidType<unknown>> | undefined; message?: string | undefined; }'.
  Overload 2 of 2, '(params?: string | { error?: string | $ZodErrorMap<$ZodIssueInvalidType<unknown>> | undefined; message?: string | undefined; } | undefined): $ZodType<...>', gave the following error.
    Object literal may only specify known properties, and 'required_error' does not exist in type '{ error?: string | $ZodErrorMap<$ZodIssueInvalidType<unknown>> | undefined; message?: string | undefined; }'.
src/components/form-demo.tsx(74,13): error TS2769: No overload matches this call.
  Overload 1 of 2, '(values: readonly ["all", "mentions", "none"], params?: string | { error?: string | $ZodErrorMap<$ZodIssueInvalidValue<unknown>> | undefined; message?: string | undefined; } | undefined): ZodEnum<...>', gave the following error.
    Object literal may only specify known properties, and 'required_error' does not exist in type '{ error?: string | $ZodErrorMap<$ZodIssueInvalidValue<unknown>> | undefined; message?: string | undefined; }'.
  Overload 2 of 2, '(entries: Readonly<Record<string, EnumValue>>, params?: string | { error?: string | $ZodErrorMap<$ZodIssueInvalidValue<unknown>> | undefined; message?: string | undefined; } | undefined): ZodEnum<...>', gave the following error.
    Argument of type 'string[]' is not assignable to parameter of type 'Readonly<Record<string, EnumValue>>'.
      Index signature for type 'string' is missing in type 'string[]'.
src/components/form-demo.tsx(82,9): error TS2353: Object literal may only specify known properties, and 'required_error' does not exist in type '{ error?: string | $ZodErrorMap<$ZodIssueInvalidType<unknown>> | undefined; message?: string | undefined; }'.
src/registry/new-york-v4/charts/chart-area-icons.tsx(81,48): error TS2741: Property 'payload' is missing in type '{}' but required in type 'Pick<Props, "payload" | "verticalAlign">'.
src/registry/new-york-v4/charts/chart-area-interactive.tsx(227,48): error TS2741: Property 'payload' is missing in type '{}' but required in type 'Pick<Props, "payload" | "verticalAlign">'.
src/registry/new-york-v4/charts/chart-area-legend.tsx(79,48): error TS2741: Property 'payload' is missing in type '{}' but required in type 'Pick<Props, "payload" | "verticalAlign">'.
src/registry/new-york-v4/charts/chart-bar-active.tsx(68,29): error TS2769: No overload matches this call.
  Overload 1 of 2, '(props: Props): Bar', gave the following error.
    Type '{ dataKey: string; strokeWidth: number; radius: number; activeIndex: number; activeBar: ({ ...props }: { [x: string]: any; }) => Element; }' is not assignable to type 'IntrinsicAttributes & IntrinsicClassAttributes<Bar> & Pick<Readonly<Props>, never> & InexactPartial<Pick<...>> & InexactPartial<...>'.
      Property 'activeIndex' does not exist on type 'IntrinsicAttributes & IntrinsicClassAttributes<Bar> & Pick<Readonly<Props>, never> & InexactPartial<Pick<...>> & InexactPartial<...>'.
  Overload 2 of 2, '(props: Props, context: any): Bar', gave the following error.
    Type '{ dataKey: string; strokeWidth: number; radius: number; activeIndex: number; activeBar: ({ ...props }: { [x: string]: any; }) => Element; }' is not assignable to type 'IntrinsicAttributes & IntrinsicClassAttributes<Bar> & Pick<Readonly<Props>, never> & InexactPartial<Pick<...>> & InexactPartial<...>'.
      Property 'activeIndex' does not exist on type 'IntrinsicAttributes & IntrinsicClassAttributes<Bar> & Pick<Readonly<Props>, never> & InexactPartial<Pick<...>> & InexactPartial<...>'.
src/registry/new-york-v4/charts/chart-bar-label-custom.tsx(62,48): error TS2769: No overload matches this call.
  Overload 1 of 2, '(props: Props): Bar', gave the following error.
    Type '{ children: Element[]; dataKey: string; layout: string; fill: string; radius: number; }' is not assignable to type 'IntrinsicAttributes & IntrinsicClassAttributes<Bar> & Pick<Readonly<Props>, never> & InexactPartial<Pick<...>> & InexactPartial<...>'.
      Property 'layout' does not exist on type 'IntrinsicAttributes & IntrinsicClassAttributes<Bar> & Pick<Readonly<Props>, never> & InexactPartial<Pick<...>> & InexactPartial<...>'.
  Overload 2 of 2, '(props: Props, context: any): Bar', gave the following error.
    Type '{ children: Element[]; dataKey: string; layout: string; fill: string; radius: number; }' is not assignable to type 'IntrinsicAttributes & IntrinsicClassAttributes<Bar> & Pick<Readonly<Props>, never> & InexactPartial<Pick<...>> & InexactPartial<...>'.
      Property 'layout' does not exist on type 'IntrinsicAttributes & IntrinsicClassAttributes<Bar> & Pick<Readonly<Props>, never> & InexactPartial<Pick<...>> & InexactPartial<...>'.
src/registry/new-york-v4/charts/chart-bar-mixed.tsx(71,49): error TS2769: No overload matches this call.
  Overload 1 of 2, '(props: Props): Bar', gave the following error.
    Type '{ dataKey: string; layout: string; radius: number; }' is not assignable to type 'IntrinsicAttributes & IntrinsicClassAttributes<Bar> & Pick<Readonly<Props>, never> & InexactPartial<Pick<...>> & InexactPartial<...>'.
      Property 'layout' does not exist on type 'IntrinsicAttributes & IntrinsicClassAttributes<Bar> & Pick<Readonly<Props>, never> & InexactPartial<Pick<...>> & InexactPartial<...>'.
  Overload 2 of 2, '(props: Props, context: any): Bar', gave the following error.
    Type '{ dataKey: string; layout: string; radius: number; }' is not assignable to type 'IntrinsicAttributes & IntrinsicClassAttributes<Bar> & Pick<Readonly<Props>, never> & InexactPartial<Pick<...>> & InexactPartial<...>'.
      Property 'layout' does not exist on type 'IntrinsicAttributes & IntrinsicClassAttributes<Bar> & Pick<Readonly<Props>, never> & InexactPartial<Pick<...>> & InexactPartial<...>'.
src/registry/new-york-v4/charts/chart-bar-stacked.tsx(57,48): error TS2741: Property 'payload' is missing in type '{}' but required in type 'Pick<Props, "payload" | "verticalAlign">'.
src/registry/new-york-v4/charts/chart-line-label-custom.tsx(85,33): error TS2322: Type '(value: keyof typeof chartConfig) => string' is not assignable to type '(label: ReactNode) => ReactNode'.
  Types of parameters 'value' and 'label' are incompatible.
    Type 'ReactNode' is not assignable to type '"other" | "visitors" | "chrome" | "safari" | "firefox" | "edge"'.
      Type 'undefined' is not assignable to type '"other" | "visitors" | "chrome" | "safari" | "firefox" | "edge"'.
src/registry/new-york-v4/charts/chart-pie-donut-active.tsx(63,29): error TS2769: No overload matches this call.
  Overload 1 of 2, '(props: Props): Pie', gave the following error.
    Type '{ data: { browser: string; visitors: number; fill: string; }[]; dataKey: string; nameKey: string; innerRadius: number; strokeWidth: number; activeIndex: number; activeShape: ({ outerRadius, ...props }: PieSectorDataItem) => Element; }' is not assignable to type 'IntrinsicAttributes & IntrinsicClassAttributes<Pie> & Pick<Readonly<Props>, "string" | "path" | "href" | ... 485 more ... | "cornerRadius"> & InexactPartial<...> & InexactPartial<...>'.
      Property 'activeIndex' does not exist on type 'IntrinsicAttributes & IntrinsicClassAttributes<Pie> & Pick<Readonly<Props>, "string" | "path" | "href" | ... 485 more ... | "cornerRadius"> & InexactPartial<...> & InexactPartial<...>'.
  Overload 2 of 2, '(props: Props, context: any): Pie', gave the following error.
    Type '{ data: { browser: string; visitors: number; fill: string; }[]; dataKey: string; nameKey: string; innerRadius: number; strokeWidth: number; activeIndex: number; activeShape: ({ outerRadius, ...props }: PieSectorDataItem) => Element; }' is not assignable to type 'IntrinsicAttributes & IntrinsicClassAttributes<Pie> & Pick<Readonly<Props>, "string" | "path" | "href" | ... 485 more ... | "cornerRadius"> & InexactPartial<...> & InexactPartial<...>'.
      Property 'activeIndex' does not exist on type 'IntrinsicAttributes & IntrinsicClassAttributes<Pie> & Pick<Readonly<Props>, "string" | "path" | "href" | ... 485 more ... | "cornerRadius"> & InexactPartial<...> & InexactPartial<...>'.
src/registry/new-york-v4/charts/chart-pie-interactive.tsx(114,29): error TS2769: No overload matches this call.
  Overload 1 of 2, '(props: Props): Pie', gave the following error.
    Type '{ children: Element; data: { month: string; desktop: number; fill: string; }[]; dataKey: string; nameKey: string; innerRadius: number; strokeWidth: number; activeIndex: number; activeShape: ({ outerRadius, ...props }: PieSectorDataItem) => Element; }' is not assignable to type 'IntrinsicAttributes & IntrinsicClassAttributes<Pie> & Pick<Readonly<Props>, "string" | "path" | "href" | ... 485 more ... | "cornerRadius"> & InexactPartial<...> & InexactPartial<...>'.
      Property 'activeIndex' does not exist on type 'IntrinsicAttributes & IntrinsicClassAttributes<Pie> & Pick<Readonly<Props>, "string" | "path" | "href" | ... 485 more ... | "cornerRadius"> & InexactPartial<...> & InexactPartial<...>'.
  Overload 2 of 2, '(props: Props, context: any): Pie', gave the following error.
    Type '{ children: Element; data: { month: string; desktop: number; fill: string; }[]; dataKey: string; nameKey: string; innerRadius: number; strokeWidth: number; activeIndex: number; activeShape: ({ outerRadius, ...props }: PieSectorDataItem) => Element; }' is not assignable to type 'IntrinsicAttributes & IntrinsicClassAttributes<Pie> & Pick<Readonly<Props>, "string" | "path" | "href" | ... 485 more ... | "cornerRadius"> & InexactPartial<...> & InexactPartial<...>'.
      Property 'activeIndex' does not exist on type 'IntrinsicAttributes & IntrinsicClassAttributes<Pie> & Pick<Readonly<Props>, "string" | "path" | "href" | ... 485 more ... | "cornerRadius"> & InexactPartial<...> & InexactPartial<...>'.
src/registry/new-york-v4/charts/chart-pie-label-list.tsx(64,33): error TS2322: Type '(value: keyof typeof chartConfig) => string' is not assignable to type '(label: ReactNode) => ReactNode'.
  Types of parameters 'value' and 'label' are incompatible.
    Type 'ReactNode' is not assignable to type '"other" | "visitors" | "chrome" | "safari" | "firefox" | "edge"'.
      Type 'undefined' is not assignable to type '"other" | "visitors" | "chrome" | "safari" | "firefox" | "edge"'.
src/registry/new-york-v4/charts/chart-pie-legend.tsx(56,39): error TS2741: Property 'payload' is missing in type '{ nameKey: string; }' but required in type 'Pick<Props, "payload" | "verticalAlign">'.
src/registry/new-york-v4/charts/chart-radar-icons.tsx(60,65): error TS2741: Property 'payload' is missing in type '{}' but required in type 'Pick<Props, "payload" | "verticalAlign">'.
src/registry/new-york-v4/charts/chart-radar-label-custom.tsx(51,56): error TS2339: Property 'value' does not exist on type 'TickItemTextProps'.
src/registry/new-york-v4/charts/chart-radar-label-custom.tsx(57,58): error TS2362: The left-hand side of an arithmetic operation must be of type 'any', 'number', 'bigint' or an enum type.
src/registry/new-york-v4/charts/chart-radar-label-custom.tsx(57,58): error TS18048: 'y' is possibly 'undefined'.
src/registry/new-york-v4/charts/chart-radar-legend.tsx(58,65): error TS2741: Property 'payload' is missing in type '{}' but required in type 'Pick<Props, "payload" | "verticalAlign">'.
src/registry/new-york-v4/ui/chart.tsx(99,5): error TS2339: Property 'payload' does not exist on type 'Omit<Props<ValueType, NameType>, PropertiesReadFromContext> & { active?: boolean | undefined; includeHidden?: boolean | undefined; ... 17 more ...; axisId?: AxisId | undefined; } & ClassAttributes<...> & HTMLAttributes<...> & { ...; }'.
src/registry/new-york-v4/ui/chart.tsx(104,5): error TS2339: Property 'label' does not exist on type 'Omit<Props<ValueType, NameType>, PropertiesReadFromContext> & { active?: boolean | undefined; includeHidden?: boolean | undefined; ... 17 more ...; axisId?: AxisId | undefined; } & ClassAttributes<...> & HTMLAttributes<...> & { ...; }'.
src/registry/new-york-v4/ui/chart.tsx(159,31): error TS7006: Parameter 'item' implicitly has an 'any' type.
src/registry/new-york-v4/ui/chart.tsx(159,37): error TS7006: Parameter 'index' implicitly has an 'any' type.
src/registry/new-york-v4/ui/chart.tsx(235,41): error TS2344: Type '"payload" | "verticalAlign"' does not satisfy the constraint '"string" | "path" | "href" | "origin" | "filter" | "fill" | "values" | "style" | "clipPath" | "mask" | "content" | "x" | "y" | "key" | "suppressHydrationWarning" | "className" | ... 430 more ... | "onBBoxUpdate"'.
  Type '"payload"' is not assignable to type '"string" | "path" | "href" | "origin" | "filter" | "fill" | "values" | "style" | "clipPath" | "mask" | "content" | "x" | "y" | "key" | "suppressHydrationWarning" | "className" | ... 430 more ... | "onBBoxUpdate"'.
src/registry/new-york-v4/ui/chart.tsx(241,19): error TS2339: Property 'length' does not exist on type '{}'.
src/registry/new-york-v4/ui/chart.tsx(252,22): error TS2339: Property 'map' does not exist on type '{}'.
src/registry/new-york-v4/ui/chart.tsx(252,27): error TS7006: Parameter 'item' implicitly has an 'any' type.
